Testing modules query...
node.exe : ERROR 
OCCURRED: PrismaClien
tUnknownRequestError:
 
At C:\Program Files\n
odejs\npx.ps1:29 
char:3
+   & $NODE_EXE 
$NPX_CLI_JS $args
+   ~~~~~~~~~~~~~~~~~
~~~~~~~~~~~~
    + CategoryInfo   
           : NotSpe  
  cified: (ERROR O   
 CCURRED:...nRequ    
estError: :Strin    
g) [], RemoteExc    
eption
    + FullyQualified 
   ErrorId : Native  
  CommandError
 
Invalid `prisma.modul
es.findMany()` 
invocation in
C:\Users\HESHAN WITHA
RANA\OneDrive\Desktop
\progress_pulse_v2-ma
in\frontend\test-modu
les.ts:9:46

  6 async function 
main() {
  7     try {
  8         
console.log('Testing 
modules query...');
ΓåÆ 9         const 
modules = await prism
a.modules.findMany(
Inconsistent query 
result: Field 
project is required 
to return data, got 
`null` instead.
    at $n.handleReque
stError 
(C:\Users\HESHAN WITH
ARANA\OneDrive\Deskto
p\progress_pulse_v2-m
ain\frontend\node_mod
ules\@prisma\client\r
untime\library.js:121
:7505)
    at $n.handleAndLo
gRequestError 
(C:\Users\HESHAN WITH
ARANA\OneDrive\Deskto
p\progress_pulse_v2-m
ain\frontend\node_mod
ules\@prisma\client\r
untime\library.js:121
:6623)
    at $n.request 
(C:\Users\HESHAN WITH
ARANA\OneDrive\Deskto
p\progress_pulse_v2-m
ain\frontend\node_mod
ules\@prisma\client\r
untime\library.js:121
:6307)
    at async l 
(C:\Users\HESHAN WITH
ARANA\OneDrive\Deskto
p\progress_pulse_v2-m
ain\frontend\node_mod
ules\@prisma\client\r
untime\library.js:130
:9633)
    at async main 
(C:\Users\HESHAN WITH
ARANA\OneDrive\Deskto
p\progress_pulse_v2-m
ain\frontend\test-mod
ules.ts:9:25) {
  clientVersion: 
'5.22.0'
}
